---
source: /Users/xorcist/.cargo/git/checkouts/wasmer-pack-75f531527ab88b95/9882cbe/crates/testing/src/autodiscover.rs
---
// Generated by wasmer-pack vX.Y.Z.
import Bindings from "./bindings";

export const bindings: Bindings;

