---
source: /Users/xorcist/.cargo/registry/src/github.com-1ecc6299db9ec823/wasmer-pack-testing-0.6.0/src/autodiscover.rs
---
// Generated by wasmer-pack vX.Y.Z.
const { Bindings } = require("./bindings/index.js");
exports.bindings = new Bindings();
